<?xml version="1.0" encoding="utf-8"?><testsuites><testsuite name="pytest" errors="0" failures="0" skipped="0" tests="334" time="7.574" timestamp="2023-03-01T13:15:46.245502" hostname="rback-pc"><testcase classname="tests.agent.test_agent" name="test_agent_init" time="0.021" /><testcase classname="tests.agent.test_agent" name="test_agent_run" time="0.024" /><testcase classname="tests.agent.test_agent" name="test_agent_stop[success]" time="0.021" /><testcase classname="tests.agent.test_agent" name="test_agent_stop[error]" time="0.022" /><testcase classname="tests.agent.test_agent" name="test_agent_is_running[stopped]" time="0.020" /><testcase classname="tests.agent.test_agent" name="test_agent_is_running[running]" time="0.020" /><testcase classname="tests.agent.test_agent" name="test_agent_gproxy[success]" time="0.020" /><testcase classname="tests.agent.test_agent" name="test_agent_gproxy[error]" time="0.021" /><testcase classname="tests.agent.test_agent" name="test_agent_process_recycler" time="0.025" /><testcase classname="tests.agent.test_cachemanager" name="test_cachemanager_init" time="0.034" /><testcase classname="tests.agent.test_cachemanager" name="test_cachemanager_get_env" time="0.016" /><testcase classname="tests.agent.test_cachemanager" name="test_cachemanager_get_cache" time="0.016" /><testcase classname="tests.agent.test_cachemanager" name="test_cachemanager_run[no_tls]" time="0.021" /><testcase classname="tests.agent.test_cachemanager" name="test_cachemanager_run[tls]" time="0.020" /><testcase classname="tests.agent.test_cachemanager" name="test_cachemanager_run[tls_error]" time="0.019" /><testcase classname="tests.agent.test_cachemanager" name="test_cachemanager_shutdown[no_agent]" time="0.017" /><testcase classname="tests.agent.test_cachemanager" name="test_cachemanager_shutdown[agent]" time="0.018" /><testcase classname="tests.agent.test_cachemanager" name="test_cachemanager_handler[get_webroot]" time="0.019" /><testcase classname="tests.agent.test_cachemanager" name="test_cachemanager_handler[get_status]" time="0.019" /><testcase classname="tests.agent.test_cachemanager" name="test_cachemanager_handler[post_webroot]" time="0.019" /><testcase classname="tests.agent.test_cachemanager" name="test_cachemanager_handler[post_get_data]" time="0.019" /><testcase classname="tests.agent.test_cachemanager" name="test_cachemanager_handler[post_set_data]" time="0.019" /><testcase classname="tests.agent.test_cachemanager" name="test_cachemanager_handler[get_invalid_request]" time="0.020" /><testcase classname="tests.agent.test_cachemanager" name="test_cachemanager_handler[post_invalid_request]" time="0.019" /><testcase classname="tests.agent.test_cachemanager" name="test_cachemanager_handler[put_invalid_request]" time="0.019" /><testcase classname="tests.agent.test_cachemanager" name="test_cachemanager_json_response" time="0.018" /><testcase classname="tests.agent.test_cachemanager" name="test_cachemanager_error_response" time="0.017" /><testcase classname="tests.agent.test_cachemanager" name="test_cachemanager_handle_webroot" time="0.017" /><testcase classname="tests.agent.test_cachemanager" name="test_cachemanager_handle_get_data[success]" time="0.018" /><testcase classname="tests.agent.test_cachemanager" name="test_cachemanager_handle_get_data[server_api_error]" time="0.018" /><testcase classname="tests.agent.test_cachemanager" name="test_cachemanager_handle_get_data[other_error]" time="0.018" /><testcase classname="tests.agent.test_cachemanager" name="test_cachemanager_handle_set_data[success]" time="0.017" /><testcase classname="tests.agent.test_cachemanager" name="test_cachemanager_handle_set_data[server_api_error]" time="0.018" /><testcase classname="tests.agent.test_cachemanager" name="test_cachemanager_handle_set_data[other_error]" time="0.017" /><testcase classname="tests.agent.test_cachemanager" name="test_cachemanager_handle_status" time="0.018" /><testcase classname="tests.agent.test_cachemanager" name="test_cachemanager_housekeeping" time="0.019" /><testcase classname="tests.agent.test_cachemanager" name="test_cachemanager_gproxy[success]" time="0.018" /><testcase classname="tests.agent.test_cachemanager" name="test_cachemanager_gproxy[error]" time="0.018" /><testcase classname="tests.agent.test_cachemanager" name="test_cache_get_locking_cache" time="0.016" /><testcase classname="tests.agent.test_cachemanager" name="test_cache_get_data[success]" time="0.019" /><testcase classname="tests.agent.test_cachemanager" name="test_cache_get_data[missing_namespace]" time="0.018" /><testcase classname="tests.agent.test_cachemanager" name="test_cache_get_data[missing_key]" time="0.017" /><testcase classname="tests.agent.test_cachemanager" name="test_cache_set_data[success]" time="0.018" /><testcase classname="tests.agent.test_cachemanager" name="test_cache_set_data[missing_namespace]" time="0.017" /><testcase classname="tests.agent.test_cachemanager" name="test_cache_set_data[missing_key]" time="0.017" /><testcase classname="tests.agent.test_cachemanager" name="test_cache_set_data[missing_data]" time="0.017" /><testcase classname="tests.agent.test_cachemanager" name="test_cache_set_data[missing_ttl]" time="0.018" /><testcase classname="tests.agent.test_cachemanager" name="test_cache_set_data[invalid_data]" time="0.017" /><testcase classname="tests.agent.test_cachemanager" name="test_cache_set_data[invalid_ttl]" time="0.017" /><testcase classname="tests.agent.test_cachemanager" name="test_cache_housekeeping[none]" time="0.020" /><testcase classname="tests.agent.test_cachemanager" name="test_cache_housekeeping[one]" time="0.016" /><testcase classname="tests.agent.test_cachemanager" name="test_cache_housekeeping[many]" time="0.017" /><testcase classname="tests.agent.test_config" name="test_byte_string_parse[11-110]" time="0.001" /><testcase classname="tests.agent.test_config" name="test_byte_string_parse[11-111]" time="0.001" /><testcase classname="tests.agent.test_config" name="test_byte_string_parse[11B-11]" time="0.001" /><testcase classname="tests.agent.test_config" name="test_byte_string_parse[11 B-11]" time="0.001" /><testcase classname="tests.agent.test_config" name="test_byte_string_parse[11KB-11264]" time="0.001" /><testcase classname="tests.agent.test_config" name="test_byte_string_parse[11 KB-11264]" time="0.001" /><testcase classname="tests.agent.test_config" name="test_byte_string_parse[11MB-11534336]" time="0.001" /><testcase classname="tests.agent.test_config" name="test_byte_string_parse[11 MB-11534336]" time="0.001" /><testcase classname="tests.agent.test_config" name="test_byte_string_parse[11GB-11811160064]" time="0.001" /><testcase classname="tests.agent.test_config" name="test_byte_string_parse[11 GB-11811160064]" time="0.001" /><testcase classname="tests.agent.test_config" name="test_invalid_format[invalid_format]" time="0.001" /><testcase classname="tests.agent.test_config" name="test_invalid_format[invalid_decimal]" time="0.001" /><testcase classname="tests.agent.test_config" name="test_invalid_format[invalid_number]" time="0.001" /><testcase classname="tests.agent.test_config" name="test_abstractconfig_from_dict[success]" time="0.001" /><testcase classname="tests.agent.test_config" name="test_abstractconfig_from_dict[failure]" time="0.002" /><testcase classname="tests.agent.test_config" name="test_abstractconfig_from_dict[failed_configuration]" time="0.001" /><testcase classname="tests.agent.test_config" name="test_abstractconfig_from_dict[failed_extra_config]" time="0.001" /><testcase classname="tests.agent.test_config" name="test_executionconfig_from_dict[success]" time="0.001" /><testcase classname="tests.agent.test_config" name="test_executionconfig_from_dict[missing_execution_timeout]" time="0.001" /><testcase classname="tests.agent.test_config" name="test_executionconfig_from_dict[unexpected_item_in_bagging_area]" time="0.001" /><testcase classname="tests.agent.test_config" name="test_commandconfig_from_dict[success]" time="0.001" /><testcase classname="tests.agent.test_config" name="test_commandconfig_from_dict[success_with_runtime]" time="0.001" /><testcase classname="tests.agent.test_config" name="test_commandconfig_from_dict[success_using_cache_manager]" time="0.001" /><testcase classname="tests.agent.test_config" name="test_commandconfig_from_dict[missing_path]" time="0.001" /><testcase classname="tests.agent.test_config" name="test_commandconfig_from_dict[long_running_key_path]" time="0.001" /><testcase classname="tests.agent.test_config" name="test_commandconfig_from_dict[long_running_key_name]" time="0.001" /><testcase classname="tests.agent.test_config" name="test_commandconfig_from_dict[long_running_key_stdin_err]" time="0.001" /><testcase classname="tests.agent.test_config" name="test_agentconfig_from_dict[Missing cachemanager]" time="0.001" /><testcase classname="tests.agent.test_config" name="test_get_config[simple-debug]" time="0.023" /><testcase classname="tests.agent.test_config" name="test_get_config[simple]" time="0.013" /><testcase classname="tests.agent.test_config" name="test_get_config[extra-debug]" time="0.015" /><testcase classname="tests.agent.test_config" name="test_get_config[extra]" time="0.014" /><testcase classname="tests.agent.test_config" name="test_get_config[noversion]" time="0.012" /><testcase classname="tests.agent.test_helpers" name="test_helpers_merge_dictionary[simple_merge]" time="0.001" /><testcase classname="tests.agent.test_helpers" name="test_helpers_merge_dictionary[simple_update]" time="0.001" /><testcase classname="tests.agent.test_helpers" name="test_helpers_merge_dictionary[simple_nesting]" time="0.001" /><testcase classname="tests.agent.test_helpers" name="test_helpers_merge_dictionary[simple_update_over_null]" time="0.001" /><testcase classname="tests.agent.test_helpers" name="test_helpers_merge_dictionary[simple_update_over_data]" time="0.001" /><testcase classname="tests.agent.test_helpers" name="test_helpers_merge_dictionary[simple_append_list]" time="0.001" /><testcase classname="tests.agent.test_helpers" name="test_helpers_merge_dictionary[append_list]" time="0.001" /><testcase classname="tests.agent.test_helpers" name="test_helpers_merge_dictionary[append_other_list]" time="0.001" /><testcase classname="tests.agent.test_helpers" name="test_parse_byte_string[a_byte]" time="0.001" /><testcase classname="tests.agent.test_helpers" name="test_parse_byte_string[one_k]" time="0.001" /><testcase classname="tests.agent.test_helpers" name="test_parse_byte_string[one_kilobyte]" time="0.001" /><testcase classname="tests.agent.test_helpers" name="test_parse_byte_string[a_kilobyte]" time="0.001" /><testcase classname="tests.agent.test_helpers" name="test_parse_byte_string[one_meg]" time="0.001" /><testcase classname="tests.agent.test_helpers" name="test_parse_byte_string[a_megabyte0]" time="0.001" /><testcase classname="tests.agent.test_helpers" name="test_parse_byte_string[one_megabyte]" time="0.001" /><testcase classname="tests.agent.test_helpers" name="test_parse_byte_string[a_megabyte1]" time="0.001" /><testcase classname="tests.agent.test_helpers" name="test_parse_byte_string[a_gigabyte]" time="0.001" /><testcase classname="tests.agent.test_helpers" name="test_parse_byte_string[bare_number]" time="0.001" /><testcase classname="tests.agent.test_helpers" name="test_host_in_net_list[direct ip]" time="0.001" /><testcase classname="tests.agent.test_helpers" name="test_host_in_net_list[direct host]" time="0.001" /><testcase classname="tests.agent.test_helpers" name="test_host_in_net_list[ip in list]" time="0.001" /><testcase classname="tests.agent.test_helpers" name="test_host_in_net_list[host in list]" time="0.001" /><testcase classname="tests.agent.test_helpers" name="test_host_in_net_list[ip not in list]" time="0.001" /><testcase classname="tests.agent.test_helpers" name="test_host_in_net_list[host not in list]" time="0.002" /><testcase classname="tests.agent.test_helpers" name="test_host_in_net_list[single subnet success]" time="0.001" /><testcase classname="tests.agent.test_helpers" name="test_host_in_net_list[single subnet fail]" time="0.001" /><testcase classname="tests.agent.test_helpers" name="test_host_in_net_list[multiple subnets success]" time="0.001" /><testcase classname="tests.agent.test_helpers" name="test_host_in_net_list[multiple subnets fail]" time="0.001" /><testcase classname="tests.agent.test_logger" name="test_logger_init_logging[no_extra_config]" time="0.004" /><testcase classname="tests.agent.test_logger" name="test_logger_init_logging[log_filename]" time="0.003" /><testcase classname="tests.agent.test_logger" name="test_logger_init_logging[invalid_handler]" time="0.003" /><testcase classname="tests.agent.test_logger" name="test_logger_init_logging[empty_handler]" time="0.003" /><testcase classname="tests.agent.test_logger" name="test_logger_log_dict[empty]" time="0.003" /><testcase classname="tests.agent.test_logger" name="test_logger_log_dict[one_level]" time="0.003" /><testcase classname="tests.agent.test_logger" name="test_logger_log_object_attr[simple_object]" time="0.004" /><testcase classname="tests.agent.test_objects" name="test_result" time="0.001" /><testcase classname="tests.agent.test_objects" name="test_platform[Linux]" time="0.001" /><testcase classname="tests.agent.test_objects" name="test_platform[Windows]" time="0.001" /><testcase classname="tests.agent.test_poller" name="test_to_script_name[script1.py-script1.py]" time="0.001" /><testcase classname="tests.agent.test_poller" name="test_to_script_name[script2.py!--arg 23-script2.py]" time="0.001" /><testcase classname="tests.agent.test_poller" name="test_poller_duplicate_script" time="0.001" /><testcase classname="tests.agent.test_poller" name="test_poller_run_with_no_pollers" time="0.003" /><testcase classname="tests.agent.test_poller" name="test_poller_run[Normal schedule after 1 second]" time="0.006" /><testcase classname="tests.agent.test_poller" name="test_poller_run[Instant schedule]" time="0.005" /><testcase classname="tests.agent.test_poller" name="test_poller_run[Plugin called]" time="0.006" /><testcase classname="tests.agent.test_poller" name="test_poller_run[Script error]" time="0.006" /><testcase classname="tests.agent.test_poller" name="test_poller_script_failure" time="0.005" /><testcase classname="tests.agent.test_poller" name="test_poller_multiple_loops[Single script every 2s]" time="0.007" /><testcase classname="tests.agent.test_poller" name="test_poller_multiple_loops[Multiple overlapping scripts]" time="0.008" /><testcase classname="tests.agent.test_poller" name="test_get_poller_env_no_config" time="0.003" /><testcase classname="tests.agent.test_poller" name="test_get_poller_env[Valid search script]" time="0.004" /><testcase classname="tests.agent.test_poller" name="test_get_poller_env[Invalid search script]" time="0.003" /><testcase classname="tests.agent.test_processmanager" name="test_process_dies" time="0.002" /><testcase classname="tests.agent.test_processmanager" name="test_get_managed_process" time="0.002" /><testcase classname="tests.agent.test_processmanager" name="test_could_not_launch_process" time="0.003" /><testcase classname="tests.agent.test_processmanager" name="test_kill_all" time="0.003" /><testcase classname="tests.agent.test_processmanager" name="test_kill_failed" time="0.002" /><testcase classname="tests.agent.test_processmanager" name="test_kill_no_proc" time="0.004" /><testcase classname="tests.agent.test_processmanager" name="test_recycle" time="0.002" /><testcase classname="tests.agent.test_processmanager" name="test_recycle_failed" time="0.002" /><testcase classname="tests.agent.test_processmanager" name="test_greenlet_cleanup" time="0.003" /><testcase classname="tests.agent.test_scriptrunner" name="test_scriptrunner_build_env[no_cachemanager]" time="0.016" /><testcase classname="tests.agent.test_scriptrunner" name="test_scriptrunner_build_env[cachemanager]" time="0.017" /><testcase classname="tests.agent.test_scriptrunner" name="test_scriptrunner_run_script[success_without_args]" time="0.018" /><testcase classname="tests.agent.test_scriptrunner" name="test_scriptrunner_run_script[success]" time="0.021" /><testcase classname="tests.agent.test_scriptrunner" name="test_scriptrunner_run_script[success_with_valid_runtime]" time="0.020" /><testcase classname="tests.agent.test_scriptrunner" name="test_scriptrunner_run_script[warning_with_invalid_runtime]" time="0.020" /><testcase classname="tests.agent.test_scriptrunner" name="test_scriptrunner_run_script[success_with_args]" time="0.020" /><testcase classname="tests.agent.test_scriptrunner" name="test_scriptrunner_run_script[unknown_with_args0]" time="0.018" /><testcase classname="tests.agent.test_scriptrunner" name="test_scriptrunner_run_script[unknown_with_args1]" time="0.019" /><testcase classname="tests.agent.test_scriptrunner" name="test_scriptrunner_long_running[long_running]" time="0.019" /><testcase classname="tests.agent.test_scriptrunner" name="test_scriptrunner_long_running[stdin_only]" time="0.020" /><testcase classname="tests.agent.test_scriptrunner" name="test_scriptrunner_long_running[stdin_with_err]" time="0.021" /><testcase classname="tests.agent.test_scriptrunner" name="test_scriptrunner_long_running[stdin_no_input]" time="0.020" /><testcase classname="tests.agent.test_scriptrunner" name="test_scriptrunner_long_running_invalid_json" time="0.019" /><testcase classname="tests.agent.test_scriptrunner" name="test_scriptrunner_long_running_with_timeout" time="1.024" /><testcase classname="tests.agent.test_scriptrunner" name="test_scriptrunner_run_script_with_poller[with direct poller_env]" time="0.028" /><testcase classname="tests.agent.test_scriptrunner" name="test_scriptrunner_run_script_with_poller[with poller_env from callback fn]" time="0.025" /><testcase classname="tests.agent.test_scriptrunner" name="test_scriptrunner_execute[linux_success]" time="0.022" /><testcase classname="tests.agent.test_scriptrunner" name="test_scriptrunner_execute[linux_success_with_data]" time="0.021" /><testcase classname="tests.agent.test_scriptrunner" name="test_scriptrunner_execute[linux_success_just_stderr]" time="0.020" /><testcase classname="tests.agent.test_scriptrunner" name="test_scriptrunner_execute[linux_stderr]" time="0.021" /><testcase classname="tests.agent.test_scriptrunner" name="test_scriptrunner_execute[linux_stderr_with_data]" time="0.022" /><testcase classname="tests.agent.test_scriptrunner" name="test_scriptrunner_execute[linux_stderr_just_stderr]" time="0.022" /><testcase classname="tests.agent.test_scriptrunner" name="test_scriptrunner_execute[win_success]" time="0.021" /><testcase classname="tests.agent.test_scriptrunner" name="test_scriptrunner_execute[timeout]" time="0.023" /><testcase classname="tests.agent.test_scriptrunner" name="test_scriptrunner_execute[timeout_windows]" time="0.022" /><testcase classname="tests.agent.test_scriptrunner" name="test_scriptrunner_execute[killed]" time="0.022" /><testcase classname="tests.agent.test_scriptrunner" name="test_scriptrunner_execute[killed_windows]" time="0.044" /><testcase classname="tests.agent.test_scriptrunner" name="test_scriptrunner_execute_file_not_found" time="0.016" /><testcase classname="tests.agent.test_self_check" name="test_format_platform_info[Linux]" time="0.004" /><testcase classname="tests.agent.test_self_check" name="test_format_platform_info[Windows]" time="0.004" /><testcase classname="tests.agent.test_self_check" name="test_get_linux_distro[pretty_name exists]" time="0.013" /><testcase classname="tests.agent.test_self_check" name="test_get_linux_distro[pretty_name doesn't exist]" time="0.003" /><testcase classname="tests.agent.test_ssl_helper" name="test_ssl_helper_get_ssl_context[default_CA]" time="0.006" /><testcase classname="tests.agent.test_ssl_helper" name="test_ssl_helper_get_ssl_context[configured_CA_file]" time="0.005" /><testcase classname="tests.agent.test_ssl_helper" name="test_ssl_helper_get_ssl_context[configured_CA_file_not_found]" time="0.004" /><testcase classname="tests.agent.test_ssl_helper" name="test_ssl_helper_get_ssl_context[configured_CA_file_no_access]" time="0.004" /><testcase classname="tests.agent.test_ssl_helper" name="test_ssl_helper_get_ssl_context[configured_CA_path]" time="0.005" /><testcase classname="tests.agent.test_ssl_helper" name="test_ssl_helper_get_ssl_context[configured_CA_path_not_found]" time="0.005" /><testcase classname="tests.agent.test_ssl_helper" name="test_ssl_helper_get_ssl_context[configured_CA_path_no_access]" time="0.006" /><testcase classname="tests.agent.test_ssl_helper" name="test_ssl_helper_get_ssl_context[cert]" time="0.005" /><testcase classname="tests.agent.test_ssl_helper" name="test_ssl_helper_get_ssl_context[cert_with_key]" time="0.005" /><testcase classname="tests.agent.test_ssl_helper" name="test_ssl_helper_get_ssl_context[cert_with_key_not_found]" time="0.005" /><testcase classname="tests.agent.test_ssl_helper" name="test_ssl_helper_get_ssl_context[cert_with_key_no_access]" time="0.005" /><testcase classname="tests.agent.test_ssl_helper" name="test_ssl_helper_get_ssl_context[log_all_true]" time="0.005" /><testcase classname="tests.agent.test_ssl_helper" name="test_ssl_helper_get_ssl_context[cert_error]" time="0.006" /><testcase classname="tests.agent.test_ssl_helper" name="test_ssl_helper_get_ssl_context[no_cert]" time="0.005" /><testcase classname="tests.agent.test_ssl_helper" name="test_ssl_helper_get_ssl_context[ca_no_cert_no_key]" time="0.005" /><testcase classname="tests.agent.test_ssl_helper" name="test_ssl_helper_get_ssl_context[ca_no_cert_no_key_no_cert]" time="0.005" /><testcase classname="tests.agent.test_ssl_helper" name="test_ssl_helper_get_ssl_context[check_client_certificate]" time="0.005" /><testcase classname="tests.agent.test_ssl_helper" name="test_ssl_helper_get_ssl_context[ciphers]" time="0.006" /><testcase classname="tests.agent.test_ssl_helper" name="test_ssl_helper_get_ssl_context[ciphers_check_client]" time="0.006" /><testcase classname="tests.agent.test_ssl_helper" name="test_ssl_helper_get_ssl_context[option0]" time="0.005" /><testcase classname="tests.agent.test_ssl_helper" name="test_ssl_helper_get_ssl_context[bad_option]" time="0.005" /><testcase classname="tests.agent.test_ssl_helper" name="test_ssl_helper_get_ssl_context[option1]" time="0.006" /><testcase classname="tests.agent.test_ssl_helper" name="test_ssl_helper_verify_certificate[verified]" time="0.003" /><testcase classname="tests.agent.test_ssl_helper" name="test_ssl_helper_verify_certificate[verified_CA_file]" time="0.003" /><testcase classname="tests.agent.test_ssl_helper" name="test_ssl_helper_verify_certificate[verified_CA_path]" time="0.002" /><testcase classname="tests.agent.test_ssl_helper" name="test_ssl_helper_verify_certificate[verified_CA_file_and_CA_path]" time="0.002" /><testcase classname="tests.agent.test_ssl_helper" name="test_ssl_helper_verify_certificate[errors]" time="0.003" /><testcase classname="tests.agent.test_ssl_helper" name="test_ssl_helper_ssl_debug_message_callback" time="0.002" /><testcase classname="tests.agent.test_ssl_helper" name="test_ssl_helper_create_self_signed_cert" time="0.075" /><testcase classname="tests.agent.test_ssl_helper" name="test_ssl_helper_create_self_signed_cert_exists" time="0.001" /><testcase classname="tests.cache.test_aesencoder" name="test_encode_decode[128_bit_key]" time="0.145" /><testcase classname="tests.cache.test_aesencoder" name="test_encode_decode[128_bit_keys_1st]" time="0.142" /><testcase classname="tests.cache.test_aesencoder" name="test_encode_decode[128_bit_keys_2nd]" time="0.182" /><testcase classname="tests.cache.test_aesencoder" name="test_encode_decode[256_bit_key0]" time="0.141" /><testcase classname="tests.cache.test_aesencoder" name="test_encode_decode[256_bit_key1]" time="0.185" /><testcase classname="tests.cache.test_aesencoder" name="test_encode_decode[Undecodable_128]" time="0.129" /><testcase classname="tests.cache.test_aesencoder" name="test_encode_decode[Undecodable_256_128]" time="0.130" /><testcase classname="tests.cache.test_aesencoder" name="test_encode_decode[Undecodable_128_256]" time="0.127" /><testcase classname="tests.cache.test_cachemanagerhelper" name="test_decode_namespace_no_encoder" time="0.001" /><testcase classname="tests.cache.test_cachemanagerhelper" name="test_decode_namespace_errors[invalid_format]" time="0.001" /><testcase classname="tests.cache.test_cachemanagerhelper" name="test_decode_namespace_errors[missing_namespace]" time="0.001" /><testcase classname="tests.cache.test_cachemanagerhelper" name="test_decode_namespace_errors[missing_timestamp]" time="0.002" /><testcase classname="tests.cache.test_cachemanagerhelper" name="test_decode_namespace_errors[non_ascii]" time="0.001" /><testcase classname="tests.cache.test_cachemanagerhelper" name="test_decode_namespace_no_time_margin" time="0.001" /><testcase classname="tests.cache.test_cachemanagerhelper" name="test_decode_namespace_out_of_date" time="0.002" /><testcase classname="tests.cache.test_cachemanagerhelper" name="test_decode_namespace_within_time_margin" time="0.001" /><testcase classname="tests.cache.test_exceptions" name="test_exception[ClientApiError]" time="0.001" /><testcase classname="tests.cache.test_exceptions" name="test_exception[ServerApiError]" time="0.001" /><testcase classname="tests.cache.test_exceptions" name="test_exception[ConfigError]" time="0.001" /><testcase classname="tests.cache.test_exceptions" name="test_exception[UnicodeKeyError]" time="0.001" /><testcase classname="tests.cache.test_exceptions" name="test_exception[CacheItemSizeError]" time="0.001" /><testcase classname="tests.cache.test_exceptions" name="test_exception[CacheTTLError]" time="0.001" /><testcase classname="tests.cache.test_exceptions" name="test_exception[InvalidCharacterError]" time="0.001" /><testcase classname="tests.cache.test_expirycache" name="test_expirycache_basic_data[not_there]" time="0.002" /><testcase classname="tests.cache.test_expirycache" name="test_expirycache_basic_data[found]" time="0.001" /><testcase classname="tests.cache.test_expirycache" name="test_expirycache_basic_data[unicode]" time="0.002" /><testcase classname="tests.cache.test_expirycache" name="test_expirycache_expiry" time="0.002" /><testcase classname="tests.cache.test_expirycache" name="test_expirycache_delete[present]" time="0.001" /><testcase classname="tests.cache.test_expirycache" name="test_expirycache_delete[missing]" time="0.001" /><testcase classname="tests.cache.test_expirycache" name="test_expirycache_delete_item_if_cache_size_exceeded" time="0.001" /><testcase classname="tests.cache.test_expirycache" name="test_expirycache_reject[max_item_size_exceeded]" time="0.002" /><testcase classname="tests.cache.test_expirycache" name="test_expirycache_reject[cache_size_exceeded]" time="0.001" /><testcase classname="tests.cache.test_expirycache" name="test_expirycache_reject[item_size_larger_than_cache]" time="0.001" /><testcase classname="tests.cache.test_expirycache" name="test_expirycache_reject[ttl_too_short]" time="0.001" /><testcase classname="tests.cache.test_expirycache" name="test_expirycache_cleanup" time="0.002" /><testcase classname="tests.cache.test_expirycache" name="test_expirycache_cleanup_identical_keys" time="0.003" /><testcase classname="tests.cache.test_expirycache" name="test_expirycache_cleanup_expired_event" time="0.002" /><testcase classname="tests.cache.test_expirycache" name="test_expirycache_cleanup_delete[delete]" time="0.002" /><testcase classname="tests.cache.test_expirycache" name="test_expirycache_cleanup_delete[no_delete]" time="0.003" /><testcase classname="tests.cache.test_expirycache" name="test_expirycache_max_recorded_item_size" time="0.001" /><testcase classname="tests.cache.test_lockingcache" name="test_lockingcache_get_expiry_cache" time="0.001" /><testcase classname="tests.cache.test_lockingcache" name="test_lockingcache_basic_data[not_there]" time="0.002" /><testcase classname="tests.cache.test_lockingcache" name="test_lockingcache_basic_data[found]" time="0.002" /><testcase classname="tests.cache.test_lockingcache" name="test_lockingcache_basic_data[unicode]" time="0.002" /><testcase classname="tests.cache.test_lockingcache" name="test_lockingcache_lock" time="0.103" /><testcase classname="tests.cache.test_lockingcache" name="test_lockingcache_lock_expiry" time="0.006" /><testcase classname="tests.cache.test_lockingcache" name="test_lockingcache_invalid_character[|-foo]" time="0.003" /><testcase classname="tests.cache.test_lockingcache" name="test_lockingcache_invalid_character[a|-foo]" time="0.002" /><testcase classname="tests.cache.test_lockingcache" name="test_lockingcache_invalid_character[|a-foo]" time="0.002" /><testcase classname="tests.cache.test_lockingcache" name="test_lockingcache_invalid_character[ns1-|]" time="0.001" /><testcase classname="tests.cache.test_lockingcache" name="test_lockingcache_invalid_character[ns1-a|]" time="0.001" /><testcase classname="tests.cache.test_lockingcache" name="test_lockingcache_invalid_character[ns1-|a]" time="0.001" /><testcase classname="tests.cache.test_lockingcache" name="test_lockingcache_delete_data" time="0.002" /><testcase classname="tests.cache.test_lockingcache" name="test_lockingcache_len_and_size" time="0.001" /><testcase classname="tests.cache.test_lockingcache" name="test_locking_cache_max_recorded_item_size" time="0.001" /><testcase classname="tests.nrpe.test_nrpe_packet" name="test_nrpe_packet_from_bytes[nrpe_check-valid-checksum]" time="0.001" /><testcase classname="tests.nrpe.test_nrpe_packet" name="test_nrpe_packet_from_bytes[invalid-checksum-error]" time="0.001" /><testcase classname="tests.nrpe.test_nrpe_packet" name="test_nrpe_packet_from_bytes[empty-packet-error]" time="0.001" /><testcase classname="tests.nrpe.test_nrpe_packet" name="test_nrpe_packet_calc_crc32_value[nrpe_check-request0]" time="0.001" /><testcase classname="tests.nrpe.test_nrpe_packet" name="test_nrpe_packet_calc_crc32_value[nrpe_check-request1]" time="0.001" /><testcase classname="tests.nrpe.test_nrpe_packet" name="test_nrpe_packet_to_bytes[check_nrpe_packet_calc_crc]" time="0.001" /><testcase classname="tests.nrpe.test_nrpe_packet" name="test_nrpe_packet_to_bytes[check_nrpe_packet_no_calc_crc]" time="0.001" /><testcase classname="tests.nrpe.test_nrpe_packet" name="test_nrpe_packet_to_bytes[check_nrpe_packet_negative_rc]" time="0.001" /><testcase classname="tests.nrpe.test_nrpe_server" name="test_nrpe_server_post_init[allowed_hosts_not_configured]" time="0.026" /><testcase classname="tests.nrpe.test_nrpe_server" name="test_nrpe_server_post_init[filtering_disabled]" time="0.028" /><testcase classname="tests.nrpe.test_nrpe_server" name="test_nrpe_server_post_init[filtering_one_host_no_tls_no_check_client_cert]" time="0.027" /><testcase classname="tests.nrpe.test_nrpe_server" name="test_nrpe_server_post_init[filtering_many_hosts_no_tls_no_check_client_cert]" time="0.027" /><testcase classname="tests.nrpe.test_nrpe_server" name="test_nrpe_server_post_init[filtering_one_host_no_tls_yes_check_client_cert]" time="0.028" /><testcase classname="tests.nrpe.test_nrpe_server" name="test_nrpe_server_post_init[filtering_many_hosts_no_tls_yes_check_client_cert]" time="0.028" /><testcase classname="tests.nrpe.test_nrpe_server" name="test_nrpe_server_post_init[filtering_one_host_yes_tls_yes_check_client_cert]" time="0.028" /><testcase classname="tests.nrpe.test_nrpe_server" name="test_nrpe_server_post_init[filtering_many_hosts_yes_tls_yes_check_client_cert]" time="0.052" /><testcase classname="tests.nrpe.test_nrpe_server" name="test_nrpe_server_post_init[no_tls]" time="0.028" /><testcase classname="tests.nrpe.test_nrpe_server" name="test_nrpe_server_post_init[tls_linux]" time="0.028" /><testcase classname="tests.nrpe.test_nrpe_server" name="test_nrpe_server_post_init[tls_windows]" time="0.028" /><testcase classname="tests.nrpe.test_nrpe_server" name="test_nrpe_server_post_init[context_error]" time="0.027" /><testcase classname="tests.nrpe.test_nrpe_server" name="test_nrpe_server_command_listener[lock_fail]" time="0.027" /><testcase classname="tests.nrpe.test_nrpe_server" name="test_nrpe_server_command_listener[server_stopped]" time="0.028" /><testcase classname="tests.nrpe.test_nrpe_server" name="test_nrpe_server_command_listener[connection_rejected]" time="0.028" /><testcase classname="tests.nrpe.test_nrpe_server" name="test_nrpe_server_command_listener[spawn_error]" time="0.027" /><testcase classname="tests.nrpe.test_nrpe_server" name="test_nrpe_server_command_listener[success]" time="0.028" /><testcase classname="tests.nrpe.test_nrpe_server" name="test_nrpe_server_force_close_active_connections" time="0.028" /><testcase classname="tests.nrpe.test_nrpe_server" name="test_nrpe_server_accept_connection[ssl_error]" time="0.028" /><testcase classname="tests.nrpe.test_nrpe_server" name="test_nrpe_server_accept_connection[socket_error]" time="0.027" /><testcase classname="tests.nrpe.test_nrpe_server" name="test_nrpe_server_accept_connection[socket_gaierror]" time="0.028" /><testcase classname="tests.nrpe.test_nrpe_server" name="test_nrpe_server_accept_connection[ssl_handshake_timeout]" time="0.058" /><testcase classname="tests.nrpe.test_nrpe_server" name="test_nrpe_server_accept_connection[success_no_tls]" time="0.025" /><testcase classname="tests.nrpe.test_nrpe_server" name="test_nrpe_server_accept_connection[success_tls]" time="0.030" /><testcase classname="tests.nrpe.test_nrpe_server" name="test_nrpe_server_accept_connection[success_tls_no_certificate]" time="0.030" /><testcase classname="tests.nrpe.test_nrpe_server" name="test_nrpe_server_accept_connection[fail_host_filtering_no_tls]" time="0.030" /><testcase classname="tests.nrpe.test_nrpe_server" name="test_nrpe_server_accept_connection[fail_host_filtering_tls]" time="0.030" /><testcase classname="tests.nrpe.test_nrpe_server" name="test_nrpe_server_accept_connection[success_no_host_filtering_no_tls]" time="0.027" /><testcase classname="tests.nrpe.test_nrpe_server" name="test_nrpe_server_accept_connection[success_no_host_filtering_tls]" time="0.030" /><testcase classname="tests.nrpe.test_nrpe_server" name="test_nrpe_is_host_allowed_cert[valid]" time="0.027" /><testcase classname="tests.nrpe.test_nrpe_server" name="test_nrpe_is_host_allowed_cert[invalid]" time="0.027" /><testcase classname="tests.nrpe.test_nrpe_server" name="test_nrpe_is_host_allowed_no_cert[valid]" time="0.027" /><testcase classname="tests.nrpe.test_nrpe_server" name="test_nrpe_is_host_allowed_no_cert[unknown]" time="0.028" /><testcase classname="tests.nrpe.test_nrpe_server" name="test_nrpe_is_host_allowed_no_cert[lookup_failed]" time="0.027" /><testcase classname="tests.nrpe.test_nrpe_server" name="test_nrpe_is_host_allowed_no_cert[known_addr]" time="0.030" /><testcase classname="tests.nrpe.test_nrpe_server" name="test_nrpe_is_host_allowed_no_cert[known_alias]" time="0.027" /><testcase classname="tests.nrpe.test_nrpe_server" name="test_nrpe_get_certificate_names[empty]" time="0.060" /><testcase classname="tests.nrpe.test_nrpe_server" name="test_nrpe_get_certificate_names[empty_subject]" time="0.024" /><testcase classname="tests.nrpe.test_nrpe_server" name="test_nrpe_get_certificate_names[almost_empty_subject]" time="0.025" /><testcase classname="tests.nrpe.test_nrpe_server" name="test_nrpe_get_certificate_names[known_host_CN]" time="0.028" /><testcase classname="tests.nrpe.test_nrpe_server" name="test_nrpe_get_certificate_names[empty_SAN]" time="0.026" /><testcase classname="tests.nrpe.test_nrpe_server" name="test_nrpe_get_certificate_names[known_host_SAN]" time="0.026" /><testcase classname="tests.nrpe.test_nrpe_server" name="test_nrpe_get_certificate_names[known_host_CN_SAN_itrs]" time="0.025" /><testcase classname="tests.nrpe.test_nrpe_server" name="test_nrpe_get_certificate_names[known_host_CN_SAN_opsview]" time="0.026" /><testcase classname="tests.nrpe.test_nrpe_server" name="test_nrpe_server_get_packet_class" time="0.025" /><testcase classname="tests.nrpe.test_nrpe_server" name="test_nrpe_connection_handler[no_data]" time="0.029" /><testcase classname="tests.nrpe.test_nrpe_server" name="test_nrpe_connection_handler[not_much_data]" time="0.034" /><testcase classname="tests.nrpe.test_nrpe_server" name="test_nrpe_connection_handler[plenty_of_data]" time="0.033" /><testcase classname="tests.nrpe.test_nrpe_server" name="test_nrpe_connection_handler[slow_request]" time="0.034" /><testcase classname="tests.nrpe.test_nrpe_server" name="test_nrpe_connection_handler[data_error]" time="0.029" /><testcase classname="tests.nrpe.test_nrpe_server" name="test_nrpe_connection_handler[more_data_error]" time="0.065" /><testcase classname="tests.nrpe.test_nrpe_server" name="test_nrpe_connection_handler[timeout]" time="0.028" /><testcase classname="tests.nrpe.test_nrpe_server" name="test_nrpe_server_execute_command[no output]" time="0.025" /><testcase classname="tests.nrpe.test_nrpe_server" name="test_nrpe_server_execute_command[stdout only]" time="0.026" /><testcase classname="tests.nrpe.test_nrpe_server" name="test_nrpe_server_execute_command[stderr only]" time="0.026" /><testcase classname="tests.nrpe.test_nrpe_server" name="test_nrpe_server_execute_command[stdout + stderr]" time="0.025" /><testcase classname="tests.nrpe.test_nrpe_server" name="test_nrpe_server_send_result" time="0.028" /><testcase classname="tests.nrpe.test_nrpe_server" name="test_nrpe_housekeeping" time="0.026" /><testcase classname="tests.nrpe.test_nrpe_server" name="test_nrpe_is_running[stopped]" time="0.025" /><testcase classname="tests.nrpe.test_nrpe_server" name="test_nrpe_is_running[running]" time="0.025" /><testcase classname="tests.nrpe.test_nrpe_server" name="test_nrpe_gproxy[success]" time="0.026" /><testcase classname="tests.nrpe.test_nrpe_server" name="test_nrpe_gproxy[error]" time="0.035" /></testsuite></testsuites>